// Jest Snapshot v1, https://goo.gl/fbAQLP

exports[`Display should match the snapshot 1`] = `true`;
