// Jest Snapshot v1, https://goo.gl/fbAQLP

exports[`FirstRowButtons should match the snapshot 1`] = `true`;
