// Jest Snapshot v1, https://goo.gl/fbAQLP

exports[`Pad should match the snapshot 1`] = `true`;
