// Jest Snapshot v1, https://goo.gl/fbAQLP

exports[`SecondRowButtons should match the snapshot 1`] = `true`;
