// Jest Snapshot v1, https://goo.gl/fbAQLP

exports[`ThirdRowButtons should match the snapshot 1`] = `true`;
